[2025-08-18 08:26:14] PDF generation started
[2025-08-18 08:26:14] Total records found: 0
[2025-08-18 08:26:14] No records found - exiting
[2025-08-18 08:27:29] PDF generation started
[2025-08-18 08:27:29] Total records found: 99
[2025-08-18 08:27:29] Creating mPDF instance with 11 columns
[2025-08-18 08:27:29] mPDF instance created successfully
[2025-08-18 08:28:06] PDF generation started
[2025-08-18 08:28:06] Total records found: 9998
[2025-08-18 08:28:06] Creating mPDF instance with 12 columns
[2025-08-18 08:28:07] mPDF instance created successfully
[2025-08-18 08:29:10] PDF generation started
[2025-08-18 08:29:11] Total records found: 0
[2025-08-18 08:29:11] No records found - exiting
[2025-08-18 08:30:40] PDF generation started
[2025-08-18 08:30:40] Total records found: 99
[2025-08-18 08:30:40] Creating mPDF instance with 11 columns
[2025-08-18 08:30:40] mPDF instance created successfully
[2025-08-18 08:37:50] PDF generation started
[2025-08-18 08:37:50] Total records found: 99
[2025-08-18 08:37:50] Creating mPDF instance with 11 columns
[2025-08-18 08:37:51] mPDF instance created successfully
[2025-08-18 09:12:19] PDF generation started
[2025-08-18 09:12:19] Total records found: 1122
[2025-08-18 09:12:19] Creating mPDF instance with 11 columns
[2025-08-18 09:12:19] mPDF instance created successfully
[2025-08-18 09:12:23] PDF generation started
[2025-08-18 09:12:23] Total records found: 1122
[2025-08-18 09:12:23] Creating mPDF instance with 11 columns
[2025-08-18 09:12:23] mPDF instance created successfully
[2025-08-18 09:12:31] PDF generation started
[2025-08-18 09:12:31] Total records found: 9998
[2025-08-18 09:12:31] Creating mPDF instance with 12 columns
[2025-08-18 09:12:31] mPDF instance created successfully
[2025-08-18 09:28:37] TCPDF PDF generation started
[2025-08-18 09:28:37] Total records found: 1122
[2025-08-18 09:28:37] Creating TCPDF instance with 11 columns
[2025-08-18 09:28:38] Starting data processing
[2025-08-18 09:28:40] Data processing complete, outputting PDF
[2025-08-18 09:28:40] PDF output successful
[2025-08-18 09:32:42] TCPDF PDF generation started
[2025-08-18 09:32:42] Total records found: 9998
[2025-08-18 09:32:42] Creating TCPDF instance with 12 columns
[2025-08-18 09:32:42] Starting data processing
[2025-08-18 09:32:55] Data processing complete, outputting PDF
[2025-08-18 09:32:57] PDF output successful
[2025-08-18 09:41:16] TCPDF PDF generation started
[2025-08-18 09:41:16] Total records found: 9998
[2025-08-18 09:41:16] Creating TCPDF instance with 12 columns
[2025-08-18 09:41:16] Starting data processing
[2025-08-18 09:41:45] Data processing complete, outputting PDF
[2025-08-18 09:41:46] PDF output successful
[2025-08-18 09:50:21] TCPDF PDF generation started
[2025-08-18 09:50:21] Total records found: 9998
[2025-08-18 09:50:21] Creating TCPDF instance with 12 columns
[2025-08-18 09:50:21] Starting data processing
[2025-08-18 09:50:52] Data processing complete, outputting PDF
[2025-08-18 09:50:54] PDF output successful
[2025-08-18 10:01:43] TCPDF PDF generation started
[2025-08-18 10:01:43] Total records found: 9998
[2025-08-18 10:01:43] Creating TCPDF instance with 12 columns
[2025-08-18 10:01:44] Starting data processing
[2025-08-18 10:02:15] Data processing complete, outputting PDF
[2025-08-18 10:02:16] PDF output successful
[2025-08-18 10:03:09] TCPDF PDF generation started
[2025-08-18 10:03:09] Total records found: 9998
[2025-08-18 10:03:09] Creating TCPDF instance with 12 columns
[2025-08-18 10:03:09] Starting data processing
[2025-08-18 10:03:40] Data processing complete, outputting PDF
[2025-08-18 10:03:42] PDF output successful
[2025-08-22 14:19:48] [INFO] [Mem: 6MB, Peak: 6MB] PDF Generation: PDF generation started
[2025-08-22 14:19:48] [INFO] [Mem: 6MB, Peak: 6MB] PDF Generation: Database connection established
[2025-08-22 14:19:48] [INFO] [Mem: 14MB, Peak: 16MB] PDF Generation: Creating PDF with title: Calling Sheet for Batch HIV02B001
[2025-08-22 14:19:48] [INFO] [Mem: 14MB, Peak: 16MB] PDF Generation: Column data prepared with 11 columns
[2025-08-22 14:19:48] [INFO] [Mem: 14MB, Peak: 16MB] PDF Generation: Found 1122 total records
[2025-08-22 14:19:48] [INFO] [Mem: 14MB, Peak: 16MB] PDF Generation: Processing with chunk size: 1000, max rows: 1122
[2025-08-22 14:19:48] [INFO] [Mem: 14MB, Peak: 16MB] PDF Generation: Column headers: id, slot, connectivity, disposition, mobile_no, name, dob, age, address, city, state
[2025-08-22 14:19:50] [INFO] [Mem: 18MB, Peak: 18MB] PDF Generation: Progress: 89.1% - Processed 1000 / 1122 records - Memory: 18MB
[2025-08-22 14:19:50] [INFO] [Mem: 18MB, Peak: 18MB] PDF Generation: PDF generation completed. Processed 1122 records.
[2025-08-22 14:19:50] [INFO] [Mem: 18MB, Peak: 18MB] PDF Generation: PDF generation successful. Final processed rows: 1122
[2025-08-22 14:19:50] [INFO] [Mem: 18MB, Peak: 20MB] PDF Generation: Database connection closed
[2025-08-22 14:20:06] [INFO] [Mem: 2MB, Peak: 2MB] PDF Generation: PDF generation started
[2025-08-22 14:20:06] [INFO] [Mem: 2MB, Peak: 2MB] PDF Generation: Database connection established
[2025-08-22 14:20:06] [INFO] [Mem: 14MB, Peak: 16MB] PDF Generation: Creating PDF with title: Calling Sheet for Batch HIV02B001
[2025-08-22 14:20:06] [INFO] [Mem: 14MB, Peak: 16MB] PDF Generation: Column data prepared with 11 columns
[2025-08-22 14:20:06] [INFO] [Mem: 14MB, Peak: 16MB] PDF Generation: Found 1122 total records
[2025-08-22 14:20:06] [INFO] [Mem: 14MB, Peak: 16MB] PDF Generation: Processing with chunk size: 1000, max rows: 1122
[2025-08-22 14:20:06] [INFO] [Mem: 14MB, Peak: 16MB] PDF Generation: Column headers: id, slot, connectivity, disposition, mobile_no, name, dob, age, address, city, state
[2025-08-22 14:20:08] [INFO] [Mem: 18MB, Peak: 18MB] PDF Generation: Progress: 89.1% - Processed 1000 / 1122 records - Memory: 18MB
[2025-08-22 14:20:08] [INFO] [Mem: 18MB, Peak: 18MB] PDF Generation: PDF generation completed. Processed 1122 records.
[2025-08-22 14:20:08] [INFO] [Mem: 18MB, Peak: 18MB] PDF Generation: PDF generation successful. Final processed rows: 1122
[2025-08-22 14:20:08] [INFO] [Mem: 18MB, Peak: 20MB] PDF Generation: Database connection closed
[2025-08-22 14:21:57] [INFO] [Mem: 4MB, Peak: 4MB] PDF Generation: PDF generation started
[2025-08-22 14:21:57] [INFO] [Mem: 4MB, Peak: 4MB] PDF Generation: Database connection established
[2025-08-22 14:21:57] [INFO] [Mem: 14MB, Peak: 16MB] PDF Generation: Creating PDF with title: Calling Sheet for Batch HIV02B001
[2025-08-22 14:21:57] [INFO] [Mem: 14MB, Peak: 16MB] PDF Generation: Column data prepared with 11 columns
[2025-08-22 14:21:57] [INFO] [Mem: 14MB, Peak: 16MB] PDF Generation: Found 1122 total records
[2025-08-22 14:21:57] [INFO] [Mem: 14MB, Peak: 16MB] PDF Generation: Processing with chunk size: 1000, max rows: 1122
[2025-08-22 14:21:57] [INFO] [Mem: 14MB, Peak: 16MB] PDF Generation: Column headers: id, slot, connectivity, disposition, mobile_no, name, dob, age, address, city, state
[2025-08-22 14:21:58] [INFO] [Mem: 18MB, Peak: 18MB] PDF Generation: Progress: 89.1% - Processed 1000 / 1122 records - Memory: 18MB
[2025-08-22 14:21:59] [INFO] [Mem: 18MB, Peak: 18MB] PDF Generation: PDF generation completed. Processed 1122 records.
[2025-08-22 14:21:59] [INFO] [Mem: 18MB, Peak: 18MB] PDF Generation: PDF generation successful. Final processed rows: 1122
[2025-08-22 14:21:59] [INFO] [Mem: 18MB, Peak: 20MB] PDF Generation: Database connection closed
[2025-08-22 14:23:33] [INFO] [Mem: 2MB, Peak: 2MB] PDF Generation: PDF generation started
[2025-08-22 14:23:33] [INFO] [Mem: 2MB, Peak: 2MB] PDF Generation: Database connection established
[2025-08-22 14:23:33] [INFO] [Mem: 14MB, Peak: 16MB] PDF Generation: Creating PDF with title: Calling Sheet for Batch HIV02B001
[2025-08-22 14:23:33] [INFO] [Mem: 14MB, Peak: 16MB] PDF Generation: Column data prepared with 11 columns
[2025-08-22 14:23:33] [INFO] [Mem: 14MB, Peak: 16MB] PDF Generation: Found 1122 total records
[2025-08-22 14:23:33] [INFO] [Mem: 14MB, Peak: 16MB] PDF Generation: Processing with chunk size: 1000, max rows: 1122
[2025-08-22 14:23:33] [INFO] [Mem: 14MB, Peak: 16MB] PDF Generation: Column headers: id, slot, connectivity, disposition, mobile_no, name, dob, age, address, city, state
[2025-08-22 14:23:35] [INFO] [Mem: 18MB, Peak: 18MB] PDF Generation: Progress: 89.1% - Processed 1000 / 1122 records - Memory: 18MB
[2025-08-22 14:23:35] [INFO] [Mem: 18MB, Peak: 18MB] PDF Generation: PDF generation completed. Processed 1122 records.
[2025-08-22 14:23:35] [INFO] [Mem: 18MB, Peak: 18MB] PDF Generation: PDF generation successful. Final processed rows: 1122
[2025-08-22 14:23:35] [INFO] [Mem: 18MB, Peak: 20MB] PDF Generation: Database connection closed
[2025-08-22 14:23:47] [INFO] [Mem: 2MB, Peak: 2MB] PDF Generation: PDF generation started
[2025-08-22 14:23:47] [INFO] [Mem: 2MB, Peak: 2MB] PDF Generation: Database connection established
[2025-08-22 14:23:47] [INFO] [Mem: 14MB, Peak: 16MB] PDF Generation: Creating PDF with title: Calling Sheet for Batch HIV02B001
[2025-08-22 14:23:47] [INFO] [Mem: 14MB, Peak: 16MB] PDF Generation: Column data prepared with 11 columns
[2025-08-22 14:23:47] [INFO] [Mem: 14MB, Peak: 16MB] PDF Generation: Found 1122 total records
[2025-08-22 14:23:47] [INFO] [Mem: 14MB, Peak: 16MB] PDF Generation: Processing with chunk size: 1000, max rows: 1122
[2025-08-22 14:23:47] [INFO] [Mem: 14MB, Peak: 16MB] PDF Generation: Column headers: id, slot, connectivity, disposition, mobile_no, name, dob, age, address, city, state
[2025-08-22 14:23:48] [INFO] [Mem: 18MB, Peak: 18MB] PDF Generation: Progress: 89.1% - Processed 1000 / 1122 records - Memory: 18MB
[2025-08-22 14:23:49] [INFO] [Mem: 18MB, Peak: 18MB] PDF Generation: PDF generation completed. Processed 1122 records.
[2025-08-22 14:23:49] [INFO] [Mem: 18MB, Peak: 18MB] PDF Generation: PDF generation successful. Final processed rows: 1122
[2025-08-22 14:23:49] [INFO] [Mem: 18MB, Peak: 20MB] PDF Generation: Database connection closed
[2025-08-22 14:48:56] [INFO] [Mem: 2MB, Peak: 2MB] PDF Generation: PDF generation started
[2025-08-22 14:48:56] [INFO] [Mem: 2MB, Peak: 2MB] PDF Generation: Database connection established
[2025-08-22 14:48:56] [INFO] [Mem: 14MB, Peak: 16MB] PDF Generation: Creating PDF with title: Calling Sheet for Batch HIV02B001
[2025-08-22 14:48:56] [INFO] [Mem: 14MB, Peak: 16MB] PDF Generation: Column data prepared with 5 columns
[2025-08-22 14:48:56] [INFO] [Mem: 14MB, Peak: 16MB] PDF Generation: Found 1122 total records
[2025-08-22 14:48:56] [INFO] [Mem: 14MB, Peak: 16MB] PDF Generation: Processing with chunk size: 1000, max rows: 1122
[2025-08-22 14:48:56] [INFO] [Mem: 14MB, Peak: 16MB] PDF Generation: Column headers: id, slot, connectivity, disposition, mobile_no
[2025-08-22 14:48:57] [INFO] [Mem: 24MB, Peak: 24MB] PDF Generation: Progress: 89.1% - Processed 1000 / 1122 records - Memory: 24MB
[2025-08-22 14:48:57] [INFO] [Mem: 26MB, Peak: 26MB] PDF Generation: PDF generation completed. Processed 1122 records.
[2025-08-22 14:48:57] [INFO] [Mem: 26MB, Peak: 26MB] PDF Generation: PDF generation successful. Final processed rows: 1122
[2025-08-22 14:48:58] [INFO] [Mem: 32MB, Peak: 34MB] PDF Generation: Database connection closed
[2025-08-22 14:55:05] [INFO] [Mem: 2MB, Peak: 2MB] PDF Generation: PDF generation started
[2025-08-22 14:55:05] [INFO] [Mem: 2MB, Peak: 2MB] PDF Generation: Database connection established
[2025-08-22 14:55:05] [INFO] [Mem: 14MB, Peak: 16MB] PDF Generation: Creating PDF with title: Calling Sheet for Batch HIV02B001
[2025-08-22 14:55:05] [INFO] [Mem: 14MB, Peak: 16MB] PDF Generation: Column data prepared with 5 columns
[2025-08-22 14:55:05] [INFO] [Mem: 14MB, Peak: 16MB] PDF Generation: Found 1122 total records
[2025-08-22 14:55:05] [INFO] [Mem: 14MB, Peak: 16MB] PDF Generation: Processing with chunk size: 1000, max rows: 1122
[2025-08-22 14:55:05] [INFO] [Mem: 14MB, Peak: 16MB] PDF Generation: Column headers: id, slot, connectivity, disposition, mobile_no
[2025-08-22 14:55:07] [INFO] [Mem: 36MB, Peak: 36MB] PDF Generation: Progress: 89.1% - Processed 1000 / 1122 records - Memory: 36MB
[2025-08-22 14:55:07] [INFO] [Mem: 40MB, Peak: 40MB] PDF Generation: PDF generation completed. Processed 1122 records.
[2025-08-22 14:55:07] [INFO] [Mem: 40MB, Peak: 40MB] PDF Generation: PDF generation successful. Final processed rows: 1122
[2025-08-22 14:55:08] [INFO] [Mem: 48MB, Peak: 56MB] PDF Generation: Database connection closed
[2025-08-22 14:55:48] [INFO] [Mem: 14MB, Peak: 14MB] PDF Generation: PDF generation started
[2025-08-22 14:55:48] [INFO] [Mem: 14MB, Peak: 14MB] PDF Generation: Database connection established
[2025-08-22 14:55:48] [INFO] [Mem: 16MB, Peak: 16MB] PDF Generation: Creating PDF with title: Calling Sheet for Batch LIV01B010
[2025-08-22 14:55:48] [INFO] [Mem: 16MB, Peak: 16MB] PDF Generation: Column data prepared with 5 columns
[2025-08-22 14:55:48] [INFO] [Mem: 16MB, Peak: 16MB] PDF Generation: Found 9998 total records
[2025-08-22 14:55:48] [INFO] [Mem: 16MB, Peak: 16MB] PDF Generation: Processing with chunk size: 1000, max rows: 9998
[2025-08-22 14:55:48] [INFO] [Mem: 16MB, Peak: 16MB] PDF Generation: Column headers: id, slot, connectivity, disposition, mobile_no
[2025-08-22 14:55:50] [INFO] [Mem: 36MB, Peak: 36MB] PDF Generation: Progress: 10% - Processed 1000 / 9998 records - Memory: 36MB
[2025-08-22 14:55:52] [INFO] [Mem: 64MB, Peak: 64MB] PDF Generation: Progress: 20% - Processed 2000 / 9998 records - Memory: 64MB
[2025-08-22 14:55:55] [INFO] [Mem: 88MB, Peak: 88MB] PDF Generation: Progress: 30% - Processed 3000 / 9998 records - Memory: 88MB
[2025-08-22 14:55:57] [INFO] [Mem: 120MB, Peak: 120MB] PDF Generation: Progress: 40% - Processed 4000 / 9998 records - Memory: 120MB
[2025-08-22 14:55:59] [INFO] [Mem: 144MB, Peak: 144MB] PDF Generation: Progress: 50% - Processed 5000 / 9998 records - Memory: 144MB
[2025-08-22 14:56:02] [INFO] [Mem: 168MB, Peak: 168MB] PDF Generation: Progress: 60% - Processed 6000 / 9998 records - Memory: 168MB
[2025-08-22 14:56:04] [INFO] [Mem: 230MB, Peak: 230MB] PDF Generation: Progress: 70% - Processed 7000 / 9998 records - Memory: 230MB
[2025-08-22 14:56:06] [INFO] [Mem: 252MB, Peak: 252MB] PDF Generation: Progress: 80% - Processed 8000 / 9998 records - Memory: 252MB
[2025-08-22 14:56:08] [INFO] [Mem: 276MB, Peak: 276MB] PDF Generation: Progress: 90% - Processed 9000 / 9998 records - Memory: 276MB
[2025-08-22 14:56:11] [INFO] [Mem: 300MB, Peak: 300MB] PDF Generation: PDF generation completed. Processed 9998 records.
[2025-08-22 14:56:11] [INFO] [Mem: 300MB, Peak: 300MB] PDF Generation: PDF generation successful. Final processed rows: 9998
[2025-08-22 14:56:14] [INFO] [Mem: 316MB, Peak: 440MB] PDF Generation: Database connection closed
[2025-08-22 14:58:07] [INFO] [Mem: 68MB, Peak: 68MB] PDF Generation: PDF generation started
[2025-08-22 14:58:07] [INFO] [Mem: 68MB, Peak: 68MB] PDF Generation: Database connection established
[2025-08-22 14:58:07] [INFO] [Mem: 68MB, Peak: 68MB] PDF Generation: Creating PDF with title: Calling Sheet for Batch HIV02B001
[2025-08-22 14:58:07] [INFO] [Mem: 68MB, Peak: 68MB] PDF Generation: Column data prepared with 5 columns
[2025-08-22 14:58:07] [INFO] [Mem: 68MB, Peak: 68MB] PDF Generation: Found 1122 total records
[2025-08-22 14:58:07] [INFO] [Mem: 68MB, Peak: 68MB] PDF Generation: Processing with chunk size: 1000, max rows: 1122
[2025-08-22 14:58:07] [INFO] [Mem: 68MB, Peak: 68MB] PDF Generation: Column headers: id, slot, connectivity, disposition, mobile_no
[2025-08-22 14:58:08] [INFO] [Mem: 68MB, Peak: 68MB] PDF Generation: Progress: 89.1% - Processed 1000 / 1122 records - Memory: 68MB
[2025-08-22 14:58:08] [INFO] [Mem: 68MB, Peak: 68MB] PDF Generation: PDF generation completed. Processed 1122 records.
[2025-08-22 14:58:08] [INFO] [Mem: 68MB, Peak: 68MB] PDF Generation: PDF generation successful. Final processed rows: 1122
[2025-08-22 14:58:08] [INFO] [Mem: 68MB, Peak: 68MB] PDF Generation: Database connection closed
[2025-08-22 15:04:15] [INFO] [Mem: 22MB, Peak: 22MB] PDF Generation: PDF generation started
[2025-08-22 15:04:15] [INFO] [Mem: 22MB, Peak: 22MB] PDF Generation: Database connection established
[2025-08-22 15:04:16] [INFO] [Mem: 22MB, Peak: 22MB] PDF Generation: Creating PDF with title: Calling Sheet for Batch HIV02B001
[2025-08-22 15:04:16] [INFO] [Mem: 22MB, Peak: 22MB] PDF Generation: Column data prepared with 5 columns
[2025-08-22 15:04:16] [INFO] [Mem: 22MB, Peak: 22MB] PDF Generation: Found 1122 total records
[2025-08-22 15:04:16] [INFO] [Mem: 22MB, Peak: 22MB] PDF Generation: Processing with chunk size: 1000, max rows: 1122
[2025-08-22 15:04:16] [INFO] [Mem: 22MB, Peak: 22MB] PDF Generation: Column headers: id, slot, connectivity, disposition, mobile_no
[2025-08-22 15:04:16] [INFO] [Mem: 22MB, Peak: 22MB] PDF Generation: Progress: 89.1% - Processed 1000 / 1122 records - Memory: 22MB
[2025-08-22 15:04:17] [INFO] [Mem: 22MB, Peak: 22MB] PDF Generation: PDF generation completed. Processed 1122 records.
[2025-08-22 15:04:17] [INFO] [Mem: 22MB, Peak: 22MB] PDF Generation: PDF generation successful. Final processed rows: 1122
[2025-08-22 15:04:17] [INFO] [Mem: 22MB, Peak: 22MB] PDF Generation: Database connection closed
[2025-08-22 15:16:27] [INFO] [Mem: 22MB, Peak: 22MB] PDF Generation: PDF generation started
[2025-08-22 15:16:27] [INFO] [Mem: 22MB, Peak: 22MB] PDF Generation: Database connection established
[2025-08-22 15:16:27] [INFO] [Mem: 22MB, Peak: 22MB] PDF Generation: Creating PDF with title: Calling Sheet for Batch HIV02B001
[2025-08-22 15:16:27] [INFO] [Mem: 22MB, Peak: 22MB] PDF Generation: Column data prepared with 5 columns
[2025-08-22 15:16:27] [INFO] [Mem: 22MB, Peak: 22MB] PDF Generation: Found 1122 total records
[2025-08-22 15:16:27] [INFO] [Mem: 22MB, Peak: 22MB] PDF Generation: PRODUCTION: Processing with optimized chunk size: 500, max rows: 1122
[2025-08-22 15:16:27] [INFO] [Mem: 22MB, Peak: 22MB] PDF Generation: Column headers: id, slot, connectivity, disposition, mobile_no
[2025-08-22 15:16:28] [INFO] [Mem: 22MB, Peak: 22MB] PDF Generation: PDF generation completed. Processed 1122 records.
[2025-08-22 15:16:28] [INFO] [Mem: 22MB, Peak: 22MB] PDF Generation: PDF generation successful. Final processed rows: 1122
[2025-08-22 15:16:28] [INFO] [Mem: 22MB, Peak: 22MB] PDF Generation: Database connection closed
[2025-08-22 15:16:51] [INFO] [Mem: 6MB, Peak: 6MB] PDF Generation: PDF generation started
[2025-08-22 15:16:51] [INFO] [Mem: 6MB, Peak: 6MB] PDF Generation: Database connection established
[2025-08-22 15:16:51] [INFO] [Mem: 14MB, Peak: 16MB] PDF Generation: Creating PDF with title: Calling Sheet for Batch HIV02B001
[2025-08-22 15:16:51] [INFO] [Mem: 14MB, Peak: 16MB] PDF Generation: Column data prepared with 5 columns
[2025-08-22 15:16:51] [INFO] [Mem: 14MB, Peak: 16MB] PDF Generation: Found 1122 total records
[2025-08-22 15:16:51] [INFO] [Mem: 14MB, Peak: 16MB] PDF Generation: PRODUCTION: Processing with optimized chunk size: 500, max rows: 1122
[2025-08-22 15:16:51] [INFO] [Mem: 14MB, Peak: 16MB] PDF Generation: Column headers: id, slot, connectivity, disposition, mobile_no
[2025-08-22 15:16:51] [INFO] [Mem: 14MB, Peak: 16MB] PDF Generation: PDF generation completed. Processed 1122 records.
[2025-08-22 15:16:51] [INFO] [Mem: 14MB, Peak: 16MB] PDF Generation: PDF generation successful. Final processed rows: 1122
[2025-08-22 15:16:52] [INFO] [Mem: 14MB, Peak: 16MB] PDF Generation: Database connection closed
